! 3M Material Data
! Copyright 3M Company
! IMPORTANT NOTICE: The technical information, guidance, and
! other statements contained in this document or otherwise
! provided by 3M are based upon records, tests, or experience
! that 3M believes to be reliable, but the accuracy,
! completeness, and representative nature of such information
! is not guaranteed. Such information is intended for people
! with knowledge and technical skills sufficient to assess and
! apply their own informed judgment to the information. No
! license under any 3M or third party intellectual property
! rights is granted or implied with this information.
! 
! PRODUCT SELECTION AND USE: Many factors beyond 3Ms control
! and uniquely within users knowledge and control can affect
! the use and performance of a 3M product in a particular
! application. As a result, customer is solely responsible for
! evaluating the product and determining whether it is
! appropriate and suitable for customers application,
! including conducting a workplace hazard assessment and
! reviewing all applicable regulations and standards (e.g.,
! OSHA, ANSI, etc.). Failure to properly evaluate, select, and
! use a 3M product and appropriate safety products, or to meet
! all applicable safety regulations, may result in injury,
! sickness, death, and/or harm to property.
! 
! WARRANTY, LIMITED REMEDY, AND DISCLAIMER: Unless a different
! warranty is specifically stated on the applicable 3M product
! packaging or product literature (in which case such warranty
! governs), 3M warrants that each 3M product meets the
! applicable 3M product specification at the time 3M ships the
! product.
! 
! 3M MAKES NO OTHER WARRANTIES OR CONDITIONS, EXPRESS OR
! IMPLIED, INCLUDING, BUT NOT LIMITED TO, ANY IMPLIED WARRANTY
! OR CONDITION OF MERCHANTABILITY, FITNESS FOR A PARTICULAR
! PURPOSE, OR ARISING OUT OF A COURSE OF DEALING, CUSTOM, OR
! USAGE OF TRADE. If a 3M product does not conform to this
! warranty, then the sole and exclusive remedy is, at 3Ms
! option, replacement of the 3M product or refund of the
! purchase price.
! 
! LIMITATION OF LIABILITY: Except for the limited remedy
! stated above, and except to the extent prohibited by law, 3M
! will not be liable for any loss or damage arising from or
! related to the 3M product, whether direct, indirect,
! special, incidental, or consequential (including, but not
! limited to, lost profits or business opportunity),
! regardless of the legal or equitable theory asserted,
! including, but not limited to, warranty, contract,
! negligence, or strict liability.
! 
! Verification Code: 73659bf122b29d10fc1f88c3dadef8ab1ad78205e609f52d24ad9004da5ed6ad
! 
! Material model exported at 02:02 on 2021-01-28
!
! oca
! Unit system: m-kg-s
!
! Note that the material ID (matId) must be modified, as appropriate
!
*GET,matMx,MAT,,NUM,MAX
matId = matMx + 1
MP,DENS,matId, 1.000000000e+03
MP,  EX,matId, 1.872918026e+09
MP,PRXY,matId, 4.900000000e-01
TB,PRONY,matId,,15,SHEAR
TBDATA, 1, 1.770425749e-01, 1.000000000e-10
TBDATA, 3, 2.387306077e-01, 1.359356391e-09
TBDATA, 5, 2.572269964e-01, 1.847849797e-08
TBDATA, 7, 2.055694453e-01, 2.511886432e-07
TBDATA, 9, 9.081073942e-02, 3.414548874e-06
TBDATA,11, 2.303461789e-02, 4.641588834e-05
TBDATA,13, 5.353860714e-03, 6.309573445e-04
TBDATA,15, 1.388556931e-03, 8.576958986e-03
TBDATA,17, 4.622917498e-04, 1.165914401e-01
TBDATA,19, 1.843566515e-04, 1.584893192e+00
TBDATA,21, 8.588140134e-05, 2.154434690e+01
TBDATA,23, 4.132408343e-05, 2.928644565e+02
TBDATA,25, 1.984378603e-05, 3.981071706e+03
TBDATA,27, 8.261309253e-06, 5.411695265e+04
TBDATA,29, 3.598188699e-06, 7.356422545e+05
